MPLINK 5.08, LINKER
Linker Map File - Created Sun Apr 10 17:09:47 2016

                                 Section Info
                  Section       Type    Address   Location Size(Bytes)
                ---------  ---------  ---------  ---------  ---------
                   .org_0       code   0x000000    program   0x000002
                   .cinit    romdata   0x000001    program   0x000004
                   .org_1       code   0x000005    program   0x000046
.config_2007_BUILD/DEFAULT/PRODUCTION/PARPADE       code   0x002007    program   0x000002
.config_2008_BUILD/DEFAULT/PRODUCTION/PARPADE       code   0x002008    program   0x000002



                              Program Memory Usage 
                               Start         End      
                           ---------   ---------      
                            0x000000    0x000002      
                            0x000005    0x000027      
                            0x002007    0x002008      
            40 out of 8455 program addresses used, program memory utilization is 0%



                              Symbols - Sorted by Name
                     Name    Address   Location    Storage File                     
                ---------  ---------  ---------  --------- ---------                
                   BUCLE1   0x00000b    program     static D:\Electronica Digital 2\Proyectos de ejemplo\parpadeocopia.X\parpadeocopia.asm
                   BUCLE2   0x000009    program     static D:\Electronica Digital 2\Proyectos de ejemplo\parpadeocopia.X\parpadeocopia.asm
                   BUCLE3   0x000007    program     static D:\Electronica Digital 2\Proyectos de ejemplo\parpadeocopia.X\parpadeocopia.asm
                   INICIO   0x00001e    program     static D:\Electronica Digital 2\Proyectos de ejemplo\parpadeocopia.X\parpadeocopia.asm
                      LED   0x000023    program     static D:\Electronica Digital 2\Proyectos de ejemplo\parpadeocopia.X\parpadeocopia.asm
                PARPADEO1   0x000012    program     static D:\Electronica Digital 2\Proyectos de ejemplo\parpadeocopia.X\parpadeocopia.asm
                PARPADEO2   0x000017    program     static D:\Electronica Digital 2\Proyectos de ejemplo\parpadeocopia.X\parpadeocopia.asm
                  RETARDO   0x000005    program     static D:\Electronica Digital 2\Proyectos de ejemplo\parpadeocopia.X\parpadeocopia.asm



                              Symbols - Sorted by Address
                     Name    Address   Location    Storage File                     
                ---------  ---------  ---------  --------- ---------                
                  RETARDO   0x000005    program     static D:\Electronica Digital 2\Proyectos de ejemplo\parpadeocopia.X\parpadeocopia.asm
                   BUCLE3   0x000007    program     static D:\Electronica Digital 2\Proyectos de ejemplo\parpadeocopia.X\parpadeocopia.asm
                   BUCLE2   0x000009    program     static D:\Electronica Digital 2\Proyectos de ejemplo\parpadeocopia.X\parpadeocopia.asm
                   BUCLE1   0x00000b    program     static D:\Electronica Digital 2\Proyectos de ejemplo\parpadeocopia.X\parpadeocopia.asm
                PARPADEO1   0x000012    program     static D:\Electronica Digital 2\Proyectos de ejemplo\parpadeocopia.X\parpadeocopia.asm
                PARPADEO2   0x000017    program     static D:\Electronica Digital 2\Proyectos de ejemplo\parpadeocopia.X\parpadeocopia.asm
                   INICIO   0x00001e    program     static D:\Electronica Digital 2\Proyectos de ejemplo\parpadeocopia.X\parpadeocopia.asm
                      LED   0x000023    program     static D:\Electronica Digital 2\Proyectos de ejemplo\parpadeocopia.X\parpadeocopia.asm


