MPLINK 5.08, LINKER
Linker Map File - Created Sun Apr 24 17:21:04 2016

                                 Section Info
                  Section       Type    Address   Location Size(Bytes)
                ---------  ---------  ---------  ---------  ---------
                   .org_0       code   0x000000    program   0x000002
                   .cinit    romdata   0x000001    program   0x000004
                   .org_1       code   0x000004    program   0x000050
.config_2007_BUILD/DEFAULT/PRODUCTION/PRUEBAT       code   0x002007    program   0x000002
.config_2008_BUILD/DEFAULT/PRODUCTION/PRUEBAT       code   0x002008    program   0x000002



                              Program Memory Usage 
                               Start         End      
                           ---------   ---------      
                            0x000000    0x000002      
                            0x000004    0x00002b      
                            0x002007    0x002008      
            45 out of 8455 program addresses used, program memory utilization is 0%



                              Symbols - Sorted by Name
                     Name    Address   Location    Storage File                     
                ---------  ---------  ---------  --------- ---------                
                   ESPERA   0x000013    program     static D:\Electronica Digital 2\Proyectos de ejemplo\pruebatabla.X\pruebatabla.asm
                      FIN   0x000028    program     static D:\Electronica Digital 2\Proyectos de ejemplo\pruebatabla.X\pruebatabla.asm
                   INICIO   0x000005    program     static D:\Electronica Digital 2\Proyectos de ejemplo\pruebatabla.X\pruebatabla.asm
             INTERRUPCION   0x00001f    program     static D:\Electronica Digital 2\Proyectos de ejemplo\pruebatabla.X\pruebatabla.asm
                    TABLA   0x000017    program     static D:\Electronica Digital 2\Proyectos de ejemplo\pruebatabla.X\pruebatabla.asm



                              Symbols - Sorted by Address
                     Name    Address   Location    Storage File                     
                ---------  ---------  ---------  --------- ---------                
                   INICIO   0x000005    program     static D:\Electronica Digital 2\Proyectos de ejemplo\pruebatabla.X\pruebatabla.asm
                   ESPERA   0x000013    program     static D:\Electronica Digital 2\Proyectos de ejemplo\pruebatabla.X\pruebatabla.asm
                    TABLA   0x000017    program     static D:\Electronica Digital 2\Proyectos de ejemplo\pruebatabla.X\pruebatabla.asm
             INTERRUPCION   0x00001f    program     static D:\Electronica Digital 2\Proyectos de ejemplo\pruebatabla.X\pruebatabla.asm
                      FIN   0x000028    program     static D:\Electronica Digital 2\Proyectos de ejemplo\pruebatabla.X\pruebatabla.asm


