MPLINK 5.08, LINKER
Linker Map File - Created Fri Jun 03 16:15:54 2016

                                 Section Info
                  Section       Type    Address   Location Size(Bytes)
                ---------  ---------  ---------  ---------  ---------
                   .org_0       code   0x000000    program   0x000002
                   .cinit    romdata   0x000001    program   0x000004
                   .org_1       code   0x000004    program   0x000090
.config_2007_BUILD/DEFAULT/PRODUCTION/PROYECT       code   0x002007    program   0x000002
.config_2008_BUILD/DEFAULT/PRODUCTION/PROYECT       code   0x002008    program   0x000002



                              Program Memory Usage 
                               Start         End      
                           ---------   ---------      
                            0x000000    0x000002      
                            0x000004    0x00004b      
                            0x002007    0x002008      
            77 out of 8455 program addresses used, program memory utilization is 0%



                              Symbols - Sorted by Name
                     Name    Address   Location    Storage File                     
                ---------  ---------  ---------  --------- ---------                
               CARGADATOS   0x000025    program     static D:\Electronica Digital 2\Proyectos de ejemplo\ProyectoFinal-v1.X\corrimientoBit.inc
               CARGARFILA   0x000034    program     static D:\Electronica Digital 2\Proyectos de ejemplo\ProyectoFinal-v1.X\corrimientoBit.inc
                 COMIENZO   0x000005    program     static D:\Electronica Digital 2\Proyectos de ejemplo\ProyectoFinal-v1.X\proyectoFinal-v1.asm
                 DATOCERO   0x00003a    program     static D:\Electronica Digital 2\Proyectos de ejemplo\ProyectoFinal-v1.X\corrimientoBit.inc
                  DATOUNO   0x000043    program     static D:\Electronica Digital 2\Proyectos de ejemplo\ProyectoFinal-v1.X\corrimientoBit.inc
                     FIN8   0x000023    program     static D:\Electronica Digital 2\Proyectos de ejemplo\ProyectoFinal-v1.X\proyectoFinal-v1.asm
             INTERRUPCION   0x000020    program     static D:\Electronica Digital 2\Proyectos de ejemplo\ProyectoFinal-v1.X\proyectoFinal-v1.asm
                    LOOP1   0x000036    program     static D:\Electronica Digital 2\Proyectos de ejemplo\ProyectoFinal-v1.X\corrimientoBit.inc
                PRINCIPAL   0x00001e    program     static D:\Electronica Digital 2\Proyectos de ejemplo\ProyectoFinal-v1.X\proyectoFinal-v1.asm



                              Symbols - Sorted by Address
                     Name    Address   Location    Storage File                     
                ---------  ---------  ---------  --------- ---------                
                 COMIENZO   0x000005    program     static D:\Electronica Digital 2\Proyectos de ejemplo\ProyectoFinal-v1.X\proyectoFinal-v1.asm
                PRINCIPAL   0x00001e    program     static D:\Electronica Digital 2\Proyectos de ejemplo\ProyectoFinal-v1.X\proyectoFinal-v1.asm
             INTERRUPCION   0x000020    program     static D:\Electronica Digital 2\Proyectos de ejemplo\ProyectoFinal-v1.X\proyectoFinal-v1.asm
                     FIN8   0x000023    program     static D:\Electronica Digital 2\Proyectos de ejemplo\ProyectoFinal-v1.X\proyectoFinal-v1.asm
               CARGADATOS   0x000025    program     static D:\Electronica Digital 2\Proyectos de ejemplo\ProyectoFinal-v1.X\corrimientoBit.inc
               CARGARFILA   0x000034    program     static D:\Electronica Digital 2\Proyectos de ejemplo\ProyectoFinal-v1.X\corrimientoBit.inc
                    LOOP1   0x000036    program     static D:\Electronica Digital 2\Proyectos de ejemplo\ProyectoFinal-v1.X\corrimientoBit.inc
                 DATOCERO   0x00003a    program     static D:\Electronica Digital 2\Proyectos de ejemplo\ProyectoFinal-v1.X\corrimientoBit.inc
                  DATOUNO   0x000043    program     static D:\Electronica Digital 2\Proyectos de ejemplo\ProyectoFinal-v1.X\corrimientoBit.inc


