MPLINK 5.08, LINKER
Linker Map File - Created Fri May 06 21:21:46 2016

                                 Section Info
                  Section       Type    Address   Location Size(Bytes)
                ---------  ---------  ---------  ---------  ---------
                   .org_0       code   0x000000    program   0x000002
                   .cinit    romdata   0x000001    program   0x000004
                   .org_1       code   0x000004    program   0x0000f2
.config_2007_BUILD/DEFAULT/PRODUCTION/TECLADO       code   0x002007    program   0x000002
.config_2008_BUILD/DEFAULT/PRODUCTION/TECLADO       code   0x002008    program   0x000002



                              Program Memory Usage 
                               Start         End      
                           ---------   ---------      
                            0x000000    0x000002      
                            0x000004    0x00007c      
                            0x002007    0x002008      
            126 out of 8455 program addresses used, program memory utilization is 1%



                              Symbols - Sorted by Name
                     Name    Address   Location    Storage File                     
                ---------  ---------  ---------  --------- ---------                
                      AST   0x00006a    program     static D:\Electronica Digital 2\Proyectos de ejemplo\teclado.X\teclado.asm
                     BIT1   0x00001e    program     static D:\Electronica Digital 2\Proyectos de ejemplo\teclado.X\teclado.asm
                     BIT2   0x000028    program     static D:\Electronica Digital 2\Proyectos de ejemplo\teclado.X\teclado.asm
                     BIT3   0x000032    program     static D:\Electronica Digital 2\Proyectos de ejemplo\teclado.X\teclado.asm
                     CERO   0x000066    program     static D:\Electronica Digital 2\Proyectos de ejemplo\teclado.X\teclado.asm
                    CINCO   0x000052    program     static D:\Electronica Digital 2\Proyectos de ejemplo\teclado.X\teclado.asm
                 COMIENZO   0x000005    program     static D:\Electronica Digital 2\Proyectos de ejemplo\teclado.X\teclado.asm
                   CUATRO   0x00004e    program     static D:\Electronica Digital 2\Proyectos de ejemplo\teclado.X\teclado.asm
                      DOS   0x000046    program     static D:\Electronica Digital 2\Proyectos de ejemplo\teclado.X\teclado.asm
                      FIN   0x00003f    program     static D:\Electronica Digital 2\Proyectos de ejemplo\teclado.X\teclado.asm
             INTERRUPCION   0x00001e    program     static D:\Electronica Digital 2\Proyectos de ejemplo\teclado.X\teclado.asm
             NADAAPRETADO   0x00003c    program     static D:\Electronica Digital 2\Proyectos de ejemplo\teclado.X\teclado.asm
                    NUEVE   0x000062    program     static D:\Electronica Digital 2\Proyectos de ejemplo\teclado.X\teclado.asm
                      NUM   0x00006e    program     static D:\Electronica Digital 2\Proyectos de ejemplo\teclado.X\teclado.asm
                     OCHO   0x00005e    program     static D:\Electronica Digital 2\Proyectos de ejemplo\teclado.X\teclado.asm
                PRINCIPAL   0x00001b    program     static D:\Electronica Digital 2\Proyectos de ejemplo\teclado.X\teclado.asm
                     SEIS   0x000056    program     static D:\Electronica Digital 2\Proyectos de ejemplo\teclado.X\teclado.asm
                    SIETE   0x00005a    program     static D:\Electronica Digital 2\Proyectos de ejemplo\teclado.X\teclado.asm
                    TABLA   0x000072    program     static D:\Electronica Digital 2\Proyectos de ejemplo\teclado.X\teclado.asm
                     TRES   0x00004a    program     static D:\Electronica Digital 2\Proyectos de ejemplo\teclado.X\teclado.asm
                      UNO   0x000042    program     static D:\Electronica Digital 2\Proyectos de ejemplo\teclado.X\teclado.asm



                              Symbols - Sorted by Address
                     Name    Address   Location    Storage File                     
                ---------  ---------  ---------  --------- ---------                
                 COMIENZO   0x000005    program     static D:\Electronica Digital 2\Proyectos de ejemplo\teclado.X\teclado.asm
                PRINCIPAL   0x00001b    program     static D:\Electronica Digital 2\Proyectos de ejemplo\teclado.X\teclado.asm
                     BIT1   0x00001e    program     static D:\Electronica Digital 2\Proyectos de ejemplo\teclado.X\teclado.asm
             INTERRUPCION   0x00001e    program     static D:\Electronica Digital 2\Proyectos de ejemplo\teclado.X\teclado.asm
                     BIT2   0x000028    program     static D:\Electronica Digital 2\Proyectos de ejemplo\teclado.X\teclado.asm
                     BIT3   0x000032    program     static D:\Electronica Digital 2\Proyectos de ejemplo\teclado.X\teclado.asm
             NADAAPRETADO   0x00003c    program     static D:\Electronica Digital 2\Proyectos de ejemplo\teclado.X\teclado.asm
                      FIN   0x00003f    program     static D:\Electronica Digital 2\Proyectos de ejemplo\teclado.X\teclado.asm
                      UNO   0x000042    program     static D:\Electronica Digital 2\Proyectos de ejemplo\teclado.X\teclado.asm
                      DOS   0x000046    program     static D:\Electronica Digital 2\Proyectos de ejemplo\teclado.X\teclado.asm
                     TRES   0x00004a    program     static D:\Electronica Digital 2\Proyectos de ejemplo\teclado.X\teclado.asm
                   CUATRO   0x00004e    program     static D:\Electronica Digital 2\Proyectos de ejemplo\teclado.X\teclado.asm
                    CINCO   0x000052    program     static D:\Electronica Digital 2\Proyectos de ejemplo\teclado.X\teclado.asm
                     SEIS   0x000056    program     static D:\Electronica Digital 2\Proyectos de ejemplo\teclado.X\teclado.asm
                    SIETE   0x00005a    program     static D:\Electronica Digital 2\Proyectos de ejemplo\teclado.X\teclado.asm
                     OCHO   0x00005e    program     static D:\Electronica Digital 2\Proyectos de ejemplo\teclado.X\teclado.asm
                    NUEVE   0x000062    program     static D:\Electronica Digital 2\Proyectos de ejemplo\teclado.X\teclado.asm
                     CERO   0x000066    program     static D:\Electronica Digital 2\Proyectos de ejemplo\teclado.X\teclado.asm
                      AST   0x00006a    program     static D:\Electronica Digital 2\Proyectos de ejemplo\teclado.X\teclado.asm
                      NUM   0x00006e    program     static D:\Electronica Digital 2\Proyectos de ejemplo\teclado.X\teclado.asm
                    TABLA   0x000072    program     static D:\Electronica Digital 2\Proyectos de ejemplo\teclado.X\teclado.asm


