MPLINK 5.08, LINKER
Linker Map File - Created Wed Apr 06 15:01:39 2016

                                 Section Info
                  Section       Type    Address   Location Size(Bytes)
                ---------  ---------  ---------  ---------  ---------
                   .org_0       code   0x000000    program   0x000002
                   .cinit    romdata   0x000001    program   0x000004
                   .org_1       code   0x000005    program   0x000032



                              Program Memory Usage 
                               Start         End      
                           ---------   ---------      
                            0x000000    0x000002      
                            0x000005    0x00001d      
            28 out of 8455 program addresses used, program memory utilization is 0%



                              Symbols - Sorted by Name
                     Name    Address   Location    Storage File                     
                ---------  ---------  ---------  --------- ---------                
                   BUCLE1   0x00000b    program     static C:\Users\ivan__000\Desktop\DIGITAL 2\led intermitente.X\ledIntermitente.asm
                   INICIO   0x000016    program     static C:\Users\ivan__000\Desktop\DIGITAL 2\led intermitente.X\ledIntermitente.asm
                      LED   0x000019    program     static C:\Users\ivan__000\Desktop\DIGITAL 2\led intermitente.X\ledIntermitente.asm
                  RETARDO   0x000005    program     static C:\Users\ivan__000\Desktop\DIGITAL 2\led intermitente.X\ledIntermitente.asm



                              Symbols - Sorted by Address
                     Name    Address   Location    Storage File                     
                ---------  ---------  ---------  --------- ---------                
                  RETARDO   0x000005    program     static C:\Users\ivan__000\Desktop\DIGITAL 2\led intermitente.X\ledIntermitente.asm
                   BUCLE1   0x00000b    program     static C:\Users\ivan__000\Desktop\DIGITAL 2\led intermitente.X\ledIntermitente.asm
                   INICIO   0x000016    program     static C:\Users\ivan__000\Desktop\DIGITAL 2\led intermitente.X\ledIntermitente.asm
                      LED   0x000019    program     static C:\Users\ivan__000\Desktop\DIGITAL 2\led intermitente.X\ledIntermitente.asm


