MPLINK 5.08, LINKER
Linker Map File - Created Sat Apr 23 23:02:22 2016

                                 Section Info
                  Section       Type    Address   Location Size(Bytes)
                ---------  ---------  ---------  ---------  ---------
                   .org_0       code   0x000000    program   0x000002
                   .cinit    romdata   0x000001    program   0x000004
                   .org_1       code   0x000004    program   0x00003e
.config_2007_BUILD/DEFAULT/PRODUCTION/TIMER0.       code   0x002007    program   0x000002
.config_2008_BUILD/DEFAULT/PRODUCTION/TIMER0.       code   0x002008    program   0x000002



                              Program Memory Usage 
                               Start         End      
                           ---------   ---------      
                            0x000000    0x000002      
                            0x000004    0x000022      
                            0x002007    0x002008      
            36 out of 8455 program addresses used, program memory utilization is 0%



                              Symbols - Sorted by Name
                     Name    Address   Location    Storage File                     
                ---------  ---------  ---------  --------- ---------                
                 COMIENZO   0x000005    program     static C:\Users\ivan__000\Desktop\DIGITAL 2\timer0.X\timer0.asm
                      FIN   0x00001d    program     static C:\Users\ivan__000\Desktop\DIGITAL 2\timer0.X\timer0.asm
             INTERRUPCION   0x000014    program     static C:\Users\ivan__000\Desktop\DIGITAL 2\timer0.X\timer0.asm
                     NADA   0x000010    program     static C:\Users\ivan__000\Desktop\DIGITAL 2\timer0.X\timer0.asm



                              Symbols - Sorted by Address
                     Name    Address   Location    Storage File                     
                ---------  ---------  ---------  --------- ---------                
                 COMIENZO   0x000005    program     static C:\Users\ivan__000\Desktop\DIGITAL 2\timer0.X\timer0.asm
                     NADA   0x000010    program     static C:\Users\ivan__000\Desktop\DIGITAL 2\timer0.X\timer0.asm
             INTERRUPCION   0x000014    program     static C:\Users\ivan__000\Desktop\DIGITAL 2\timer0.X\timer0.asm
                      FIN   0x00001d    program     static C:\Users\ivan__000\Desktop\DIGITAL 2\timer0.X\timer0.asm


