MPLINK 5.08, LINKER
Linker Map File - Created Fri Apr 22 16:09:33 2016

                                 Section Info
                  Section       Type    Address   Location Size(Bytes)
                ---------  ---------  ---------  ---------  ---------
                   .org_0       code   0x000000    program   0x000002
                   .cinit    romdata   0x000001    program   0x000004
                   .org_1       code   0x000005    program   0x00002e
.config_2007_BUILD/DEFAULT/PRODUCTION/EJERCIC       code   0x002007    program   0x000002
.config_2008_BUILD/DEFAULT/PRODUCTION/EJERCIC       code   0x002008    program   0x000002



                              Program Memory Usage 
                               Start         End      
                           ---------   ---------      
                            0x000000    0x000002      
                            0x000005    0x00001b      
                            0x002007    0x002008      
            28 out of 8455 program addresses used, program memory utilization is 0%



                              Symbols - Sorted by Name
                     Name    Address   Location    Storage File                     
                ---------  ---------  ---------  --------- ---------                
                   INICIO   0x000005    program     static D:\Electronica Digital 2\Proyectos de ejemplo\ejercicio31.X\ejercicio31.asm
                PUERTO_A4   0x00000e    program     static D:\Electronica Digital 2\Proyectos de ejemplo\ejercicio31.X\ejercicio31.asm
                PUERTO_B0   0x000015    program     static D:\Electronica Digital 2\Proyectos de ejemplo\ejercicio31.X\ejercicio31.asm
                   RESET2   0x00001a    program     static D:\Electronica Digital 2\Proyectos de ejemplo\ejercicio31.X\ejercicio31.asm
                   RESET3   0x000013    program     static D:\Electronica Digital 2\Proyectos de ejemplo\ejercicio31.X\ejercicio31.asm
                     SET2   0x000018    program     static D:\Electronica Digital 2\Proyectos de ejemplo\ejercicio31.X\ejercicio31.asm
                     SET3   0x000011    program     static D:\Electronica Digital 2\Proyectos de ejemplo\ejercicio31.X\ejercicio31.asm



                              Symbols - Sorted by Address
                     Name    Address   Location    Storage File                     
                ---------  ---------  ---------  --------- ---------                
                   INICIO   0x000005    program     static D:\Electronica Digital 2\Proyectos de ejemplo\ejercicio31.X\ejercicio31.asm
                PUERTO_A4   0x00000e    program     static D:\Electronica Digital 2\Proyectos de ejemplo\ejercicio31.X\ejercicio31.asm
                     SET3   0x000011    program     static D:\Electronica Digital 2\Proyectos de ejemplo\ejercicio31.X\ejercicio31.asm
                   RESET3   0x000013    program     static D:\Electronica Digital 2\Proyectos de ejemplo\ejercicio31.X\ejercicio31.asm
                PUERTO_B0   0x000015    program     static D:\Electronica Digital 2\Proyectos de ejemplo\ejercicio31.X\ejercicio31.asm
                     SET2   0x000018    program     static D:\Electronica Digital 2\Proyectos de ejemplo\ejercicio31.X\ejercicio31.asm
                   RESET2   0x00001a    program     static D:\Electronica Digital 2\Proyectos de ejemplo\ejercicio31.X\ejercicio31.asm


