MPLINK 5.08, LINKER
Linker Map File - Created Tue Mar 29 00:28:10 2016

                                 Section Info
                  Section       Type    Address   Location Size(Bytes)
                ---------  ---------  ---------  ---------  ---------
                   .org_0       code   0x000000    program   0x000002
                   .cinit    romdata   0x000001    program   0x000004
                   .org_1       code   0x000005    program   0x00003e



                              Program Memory Usage 
                               Start         End      
                           ---------   ---------      
                            0x000000    0x000002      
                            0x000005    0x000023      
            34 out of 8455 program addresses used, program memory utilization is 0%



                              Symbols - Sorted by Name
                     Name    Address   Location    Storage File                     
                ---------  ---------  ---------  --------- ---------                
                   BUCLE1   0x00001a    program     static D:\Electronica Digital 2\Proyectos de ejemplo\ejercicio 1.13.X\ejercicio 1.13.asm
                   INICIO   0x000005    program     static D:\Electronica Digital 2\Proyectos de ejemplo\ejercicio 1.13.X\ejercicio 1.13.asm
                  RETARDO   0x000014    program     static D:\Electronica Digital 2\Proyectos de ejemplo\ejercicio 1.13.X\ejercicio 1.13.asm
                SECUENCIA   0x00000a    program     static D:\Electronica Digital 2\Proyectos de ejemplo\ejercicio 1.13.X\ejercicio 1.13.asm



                              Symbols - Sorted by Address
                     Name    Address   Location    Storage File                     
                ---------  ---------  ---------  --------- ---------                
                   INICIO   0x000005    program     static D:\Electronica Digital 2\Proyectos de ejemplo\ejercicio 1.13.X\ejercicio 1.13.asm
                SECUENCIA   0x00000a    program     static D:\Electronica Digital 2\Proyectos de ejemplo\ejercicio 1.13.X\ejercicio 1.13.asm
                  RETARDO   0x000014    program     static D:\Electronica Digital 2\Proyectos de ejemplo\ejercicio 1.13.X\ejercicio 1.13.asm
                   BUCLE1   0x00001a    program     static D:\Electronica Digital 2\Proyectos de ejemplo\ejercicio 1.13.X\ejercicio 1.13.asm


