MPLINK 5.08, LINKER
Linker Map File - Created Thu Apr 12 16:24:05 2018

                                 Section Info
                  Section       Type    Address   Location Size(Bytes)
                ---------  ---------  ---------  ---------  ---------
                   .org_0       code   0x000000    program   0x000040
                   .cinit    romdata   0x000020    program   0x000004
.config_2007_BUILD/DEFAULT/PRODUCTION/LEDSEGU       code   0x002007    program   0x000002
.config_2008_BUILD/DEFAULT/PRODUCTION/LEDSEGU       code   0x002008    program   0x000002



                              Program Memory Usage 
                               Start         End      
                           ---------   ---------      
                            0x000000    0x000021      
                            0x002007    0x002008      
            36 out of 8455 program addresses used, program memory utilization is 0%



                              Symbols - Sorted by Name
                     Name    Address   Location    Storage File                     
                ---------  ---------  ---------  --------- ---------                
                   BUCLE1   0x000015    program     static D:\facu\ED2\proyectos\ledseguidos.X\ledseguidos.asm
                PRINCIPAL   0x000004    program     static D:\facu\ED2\proyectos\ledseguidos.X\ledseguidos.asm
                 RETARDO1   0x00000f    program     static D:\facu\ED2\proyectos\ledseguidos.X\ledseguidos.asm



                              Symbols - Sorted by Address
                     Name    Address   Location    Storage File                     
                ---------  ---------  ---------  --------- ---------                
                PRINCIPAL   0x000004    program     static D:\facu\ED2\proyectos\ledseguidos.X\ledseguidos.asm
                 RETARDO1   0x00000f    program     static D:\facu\ED2\proyectos\ledseguidos.X\ledseguidos.asm
                   BUCLE1   0x000015    program     static D:\facu\ED2\proyectos\ledseguidos.X\ledseguidos.asm


