MPLINK 5.08, LINKER
Linker Map File - Created Sun Apr 10 17:00:12 2016

                                 Section Info
                  Section       Type    Address   Location Size(Bytes)
                ---------  ---------  ---------  ---------  ---------
                   .org_0       code   0x000000    program   0x000002
                   .cinit    romdata   0x000001    program   0x000004
                   .org_1       code   0x000005    program   0x000050



                              Program Memory Usage 
                               Start         End      
                           ---------   ---------      
                            0x000000    0x000002      
                            0x000005    0x00002c      
            43 out of 8455 program addresses used, program memory utilization is 0%



                              Symbols - Sorted by Name
                     Name    Address   Location    Storage File                     
                ---------  ---------  ---------  --------- ---------                
                   BUCLE1   0x00000b    program     static D:\Electronica Digital 2\Proyectos de ejemplo\display.X\display.asm
                   BUCLE2   0x00000d    program     static D:\Electronica Digital 2\Proyectos de ejemplo\display.X\display.asm
                   BUCLE3   0x000011    program     static D:\Electronica Digital 2\Proyectos de ejemplo\display.X\display.asm
                   CUENTA   0x00001a    program     static D:\Electronica Digital 2\Proyectos de ejemplo\display.X\display.asm
                   INICIO   0x000016    program     static D:\Electronica Digital 2\Proyectos de ejemplo\display.X\display.asm
                  RETARDO   0x000005    program     static D:\Electronica Digital 2\Proyectos de ejemplo\display.X\display.asm



                              Symbols - Sorted by Address
                     Name    Address   Location    Storage File                     
                ---------  ---------  ---------  --------- ---------                
                  RETARDO   0x000005    program     static D:\Electronica Digital 2\Proyectos de ejemplo\display.X\display.asm
                   BUCLE1   0x00000b    program     static D:\Electronica Digital 2\Proyectos de ejemplo\display.X\display.asm
                   BUCLE2   0x00000d    program     static D:\Electronica Digital 2\Proyectos de ejemplo\display.X\display.asm
                   BUCLE3   0x000011    program     static D:\Electronica Digital 2\Proyectos de ejemplo\display.X\display.asm
                   INICIO   0x000016    program     static D:\Electronica Digital 2\Proyectos de ejemplo\display.X\display.asm
                   CUENTA   0x00001a    program     static D:\Electronica Digital 2\Proyectos de ejemplo\display.X\display.asm


