MPLINK 5.08, LINKER
Linker Map File - Created Tue Jun 07 23:50:48 2016

                                 Section Info
                  Section       Type    Address   Location Size(Bytes)
                ---------  ---------  ---------  ---------  ---------
                   .org_0       code   0x000000    program   0x000002
                   .cinit    romdata   0x000001    program   0x000004
                   .org_1       code   0x000004    program   0x00020a
.config_2007_BUILD/DEFAULT/PRODUCTION/PROEYCT       code   0x002007    program   0x000002
.config_2008_BUILD/DEFAULT/PRODUCTION/PROEYCT       code   0x002008    program   0x000002



                              Program Memory Usage 
                               Start         End      
                           ---------   ---------      
                            0x000000    0x000002      
                            0x000004    0x000108      
                            0x002007    0x002008      
            266 out of 8455 program addresses used, program memory utilization is 3%



                              Symbols - Sorted by Name
                     Name    Address   Location    Storage File                     
                ---------  ---------  ---------  --------- ---------                
               BUSCARFILA   0x000052    program     static D:\Electronica Digital 2\Proyecto Final\proyectoFinal-v2.1.X\cargaDatosAux.inc
               CAMBIOFILA   0x00004c    program     static D:\Electronica Digital 2\Proyecto Final\proyectoFinal-v2.1.X\cargaDatosAux.inc
                CARGARBIT   0x00003c    program     static D:\Electronica Digital 2\Proyecto Final\proyectoFinal-v2.1.X\cargaDatosAux.inc
           CARGARCARACTER   0x00003a    program     static D:\Electronica Digital 2\Proyecto Final\proyectoFinal-v2.1.X\cargaDatosAux.inc
              CARGARDATOS   0x00002d    program     static D:\Electronica Digital 2\Proyecto Final\proyectoFinal-v2.1.X\cargaDatosAux.inc
                     CERO   0x000063    program     static D:\Electronica Digital 2\Proyecto Final\proyectoFinal-v2.1.X\cargaDatosAux.inc
                    CINCO   0x000095    program     static D:\Electronica Digital 2\Proyecto Final\proyectoFinal-v2.1.X\cargaDatosAux.inc
                 COMIENZO   0x000005    program     static D:\Electronica Digital 2\Proyecto Final\proyectoFinal-v2.1.X\proeyctoFinal-v2.1.asm
                   CUATRO   0x00008b    program     static D:\Electronica Digital 2\Proyecto Final\proyectoFinal-v2.1.X\cargaDatosAux.inc
                      DOS   0x000077    program     static D:\Electronica Digital 2\Proyecto Final\proyectoFinal-v2.1.X\cargaDatosAux.inc
                    DOSPT   0x0000c7    program     static D:\Electronica Digital 2\Proyecto Final\proyectoFinal-v2.1.X\cargaDatosAux.inc
                ENVIARBIT   0x00003f    program     static D:\Electronica Digital 2\Proyecto Final\proyectoFinal-v2.1.X\cargaDatosAux.inc
                   ESPERA   0x000024    program     static D:\Electronica Digital 2\Proyecto Final\proyectoFinal-v2.1.X\proeyctoFinal-v2.1.asm
                    FILA0   0x0000f9    program     static D:\Electronica Digital 2\Proyecto Final\proyectoFinal-v2.1.X\cargaDatosAux.inc
                    FILA1   0x0000fb    program     static D:\Electronica Digital 2\Proyecto Final\proyectoFinal-v2.1.X\cargaDatosAux.inc
                    FILA2   0x0000fd    program     static D:\Electronica Digital 2\Proyecto Final\proyectoFinal-v2.1.X\cargaDatosAux.inc
                    FILA3   0x0000ff    program     static D:\Electronica Digital 2\Proyecto Final\proyectoFinal-v2.1.X\cargaDatosAux.inc
                    FILA4   0x000101    program     static D:\Electronica Digital 2\Proyecto Final\proyectoFinal-v2.1.X\cargaDatosAux.inc
                    FILA5   0x000103    program     static D:\Electronica Digital 2\Proyecto Final\proyectoFinal-v2.1.X\cargaDatosAux.inc
                    FILA6   0x000105    program     static D:\Electronica Digital 2\Proyecto Final\proyectoFinal-v2.1.X\cargaDatosAux.inc
                    FILA7   0x000107    program     static D:\Electronica Digital 2\Proyecto Final\proyectoFinal-v2.1.X\cargaDatosAux.inc
                 FINENVIO   0x000042    program     static D:\Electronica Digital 2\Proyecto Final\proyectoFinal-v2.1.X\cargaDatosAux.inc
            HABILITARFILA   0x0000ef    program     static D:\Electronica Digital 2\Proyecto Final\proyectoFinal-v2.1.X\cargaDatosAux.inc
                    IGUAL   0x0000e5    program     static D:\Electronica Digital 2\Proyecto Final\proyectoFinal-v2.1.X\cargaDatosAux.inc
           INTERRUPCIONES   0x000026    program     static D:\Electronica Digital 2\Proyecto Final\proyectoFinal-v2.1.X\proeyctoFinal-v2.1.asm
                    MENOR   0x0000db    program     static D:\Electronica Digital 2\Proyecto Final\proyectoFinal-v2.1.X\cargaDatosAux.inc
                    NUEVE   0x0000bd    program     static D:\Electronica Digital 2\Proyecto Final\proyectoFinal-v2.1.X\cargaDatosAux.inc
                     OCHO   0x0000b3    program     static D:\Electronica Digital 2\Proyecto Final\proyectoFinal-v2.1.X\cargaDatosAux.inc
                PONERCERO   0x000048    program     static D:\Electronica Digital 2\Proyecto Final\proyectoFinal-v2.1.X\cargaDatosAux.inc
                 PONERUNO   0x00004a    program     static D:\Electronica Digital 2\Proyecto Final\proyectoFinal-v2.1.X\cargaDatosAux.inc
                   PTCOMA   0x0000d1    program     static D:\Electronica Digital 2\Proyecto Final\proyectoFinal-v2.1.X\cargaDatosAux.inc
                     SEIS   0x00009f    program     static D:\Electronica Digital 2\Proyecto Final\proyectoFinal-v2.1.X\cargaDatosAux.inc
                    SIETE   0x0000a9    program     static D:\Electronica Digital 2\Proyecto Final\proyectoFinal-v2.1.X\cargaDatosAux.inc
                    TABLA   0x000054    program     static D:\Electronica Digital 2\Proyecto Final\proyectoFinal-v2.1.X\cargaDatosAux.inc
                     TRES   0x000081    program     static D:\Electronica Digital 2\Proyecto Final\proyectoFinal-v2.1.X\cargaDatosAux.inc
                      UNO   0x00006d    program     static D:\Electronica Digital 2\Proyecto Final\proyectoFinal-v2.1.X\cargaDatosAux.inc



                              Symbols - Sorted by Address
                     Name    Address   Location    Storage File                     
                ---------  ---------  ---------  --------- ---------                
                 COMIENZO   0x000005    program     static D:\Electronica Digital 2\Proyecto Final\proyectoFinal-v2.1.X\proeyctoFinal-v2.1.asm
                   ESPERA   0x000024    program     static D:\Electronica Digital 2\Proyecto Final\proyectoFinal-v2.1.X\proeyctoFinal-v2.1.asm
           INTERRUPCIONES   0x000026    program     static D:\Electronica Digital 2\Proyecto Final\proyectoFinal-v2.1.X\proeyctoFinal-v2.1.asm
              CARGARDATOS   0x00002d    program     static D:\Electronica Digital 2\Proyecto Final\proyectoFinal-v2.1.X\cargaDatosAux.inc
           CARGARCARACTER   0x00003a    program     static D:\Electronica Digital 2\Proyecto Final\proyectoFinal-v2.1.X\cargaDatosAux.inc
                CARGARBIT   0x00003c    program     static D:\Electronica Digital 2\Proyecto Final\proyectoFinal-v2.1.X\cargaDatosAux.inc
                ENVIARBIT   0x00003f    program     static D:\Electronica Digital 2\Proyecto Final\proyectoFinal-v2.1.X\cargaDatosAux.inc
                 FINENVIO   0x000042    program     static D:\Electronica Digital 2\Proyecto Final\proyectoFinal-v2.1.X\cargaDatosAux.inc
                PONERCERO   0x000048    program     static D:\Electronica Digital 2\Proyecto Final\proyectoFinal-v2.1.X\cargaDatosAux.inc
                 PONERUNO   0x00004a    program     static D:\Electronica Digital 2\Proyecto Final\proyectoFinal-v2.1.X\cargaDatosAux.inc
               CAMBIOFILA   0x00004c    program     static D:\Electronica Digital 2\Proyecto Final\proyectoFinal-v2.1.X\cargaDatosAux.inc
               BUSCARFILA   0x000052    program     static D:\Electronica Digital 2\Proyecto Final\proyectoFinal-v2.1.X\cargaDatosAux.inc
                    TABLA   0x000054    program     static D:\Electronica Digital 2\Proyecto Final\proyectoFinal-v2.1.X\cargaDatosAux.inc
                     CERO   0x000063    program     static D:\Electronica Digital 2\Proyecto Final\proyectoFinal-v2.1.X\cargaDatosAux.inc
                      UNO   0x00006d    program     static D:\Electronica Digital 2\Proyecto Final\proyectoFinal-v2.1.X\cargaDatosAux.inc
                      DOS   0x000077    program     static D:\Electronica Digital 2\Proyecto Final\proyectoFinal-v2.1.X\cargaDatosAux.inc
                     TRES   0x000081    program     static D:\Electronica Digital 2\Proyecto Final\proyectoFinal-v2.1.X\cargaDatosAux.inc
                   CUATRO   0x00008b    program     static D:\Electronica Digital 2\Proyecto Final\proyectoFinal-v2.1.X\cargaDatosAux.inc
                    CINCO   0x000095    program     static D:\Electronica Digital 2\Proyecto Final\proyectoFinal-v2.1.X\cargaDatosAux.inc
                     SEIS   0x00009f    program     static D:\Electronica Digital 2\Proyecto Final\proyectoFinal-v2.1.X\cargaDatosAux.inc
                    SIETE   0x0000a9    program     static D:\Electronica Digital 2\Proyecto Final\proyectoFinal-v2.1.X\cargaDatosAux.inc
                     OCHO   0x0000b3    program     static D:\Electronica Digital 2\Proyecto Final\proyectoFinal-v2.1.X\cargaDatosAux.inc
                    NUEVE   0x0000bd    program     static D:\Electronica Digital 2\Proyecto Final\proyectoFinal-v2.1.X\cargaDatosAux.inc
                    DOSPT   0x0000c7    program     static D:\Electronica Digital 2\Proyecto Final\proyectoFinal-v2.1.X\cargaDatosAux.inc
                   PTCOMA   0x0000d1    program     static D:\Electronica Digital 2\Proyecto Final\proyectoFinal-v2.1.X\cargaDatosAux.inc
                    MENOR   0x0000db    program     static D:\Electronica Digital 2\Proyecto Final\proyectoFinal-v2.1.X\cargaDatosAux.inc
                    IGUAL   0x0000e5    program     static D:\Electronica Digital 2\Proyecto Final\proyectoFinal-v2.1.X\cargaDatosAux.inc
            HABILITARFILA   0x0000ef    program     static D:\Electronica Digital 2\Proyecto Final\proyectoFinal-v2.1.X\cargaDatosAux.inc
                    FILA0   0x0000f9    program     static D:\Electronica Digital 2\Proyecto Final\proyectoFinal-v2.1.X\cargaDatosAux.inc
                    FILA1   0x0000fb    program     static D:\Electronica Digital 2\Proyecto Final\proyectoFinal-v2.1.X\cargaDatosAux.inc
                    FILA2   0x0000fd    program     static D:\Electronica Digital 2\Proyecto Final\proyectoFinal-v2.1.X\cargaDatosAux.inc
                    FILA3   0x0000ff    program     static D:\Electronica Digital 2\Proyecto Final\proyectoFinal-v2.1.X\cargaDatosAux.inc
                    FILA4   0x000101    program     static D:\Electronica Digital 2\Proyecto Final\proyectoFinal-v2.1.X\cargaDatosAux.inc
                    FILA5   0x000103    program     static D:\Electronica Digital 2\Proyecto Final\proyectoFinal-v2.1.X\cargaDatosAux.inc
                    FILA6   0x000105    program     static D:\Electronica Digital 2\Proyecto Final\proyectoFinal-v2.1.X\cargaDatosAux.inc
                    FILA7   0x000107    program     static D:\Electronica Digital 2\Proyecto Final\proyectoFinal-v2.1.X\cargaDatosAux.inc


