MPLINK 5.08, LINKER
Linker Map File - Created Mon Apr 30 20:36:57 2018

                                 Section Info
                  Section       Type    Address   Location Size(Bytes)
                ---------  ---------  ---------  ---------  ---------
                   .org_0       code   0x000000    program   0x00003c
                   .cinit    romdata   0x00001e    program   0x000004
.config_2007_BUILD/DEFAULT/PRODUCTION/3.1.O       code   0x002007    program   0x000002
.config_2008_BUILD/DEFAULT/PRODUCTION/3.1.O       code   0x002008    program   0x000002



                              Program Memory Usage 
                               Start         End      
                           ---------   ---------      
                            0x000000    0x00001f      
                            0x002007    0x002008      
            34 out of 8455 program addresses used, program memory utilization is 0%



                              Symbols - Sorted by Name
                     Name    Address   Location    Storage File                     
                ---------  ---------  ---------  --------- ---------                
                   BUCLE1   0x000013    program     static D:\facu\ED2\proyectos mios\3.1.X\3.1.asm
                PRINCIPAL   0x000006    program     static D:\facu\ED2\proyectos mios\3.1.X\3.1.asm
                 RETARDO1   0x00000d    program     static D:\facu\ED2\proyectos mios\3.1.X\3.1.asm
                     TEST   0x000009    program     static D:\facu\ED2\proyectos mios\3.1.X\3.1.asm



                              Symbols - Sorted by Address
                     Name    Address   Location    Storage File                     
                ---------  ---------  ---------  --------- ---------                
                PRINCIPAL   0x000006    program     static D:\facu\ED2\proyectos mios\3.1.X\3.1.asm
                     TEST   0x000009    program     static D:\facu\ED2\proyectos mios\3.1.X\3.1.asm
                 RETARDO1   0x00000d    program     static D:\facu\ED2\proyectos mios\3.1.X\3.1.asm
                   BUCLE1   0x000013    program     static D:\facu\ED2\proyectos mios\3.1.X\3.1.asm


