MPLINK 5.08, LINKER
Linker Map File - Created Fri Jun 17 17:32:58 2016

                                 Section Info
                  Section       Type    Address   Location Size(Bytes)
                ---------  ---------  ---------  ---------  ---------
                   .org_0       code   0x000000    program   0x000002
                   .cinit    romdata   0x000001    program   0x000004
                   .org_1       code   0x000004    program   0x000032
.config_2007_BUILD/DEFAULT/PRODUCTION/PRUEBAA       code   0x002007    program   0x000002
.config_2008_BUILD/DEFAULT/PRODUCTION/PRUEBAA       code   0x002008    program   0x000002



                              Program Memory Usage 
                               Start         End      
                           ---------   ---------      
                            0x000000    0x000002      
                            0x000004    0x00001c      
                            0x002007    0x002008      
            30 out of 8455 program addresses used, program memory utilization is 0%



                              Symbols - Sorted by Name
                     Name    Address   Location    Storage File                     
                ---------  ---------  ---------  --------- ---------                
                 COMIENZO   0x000005    program     static D:\Electronica Digital 2\Proyectos de ejemplo\pruebaAnal.X\pruebaAnal.asm
             INTERRUPCION   0x000019    program     static D:\Electronica Digital 2\Proyectos de ejemplo\pruebaAnal.X\pruebaAnal.asm
                PRINCIPAL   0x000011    program     static D:\Electronica Digital 2\Proyectos de ejemplo\pruebaAnal.X\pruebaAnal.asm
                  RETARDO   0x000014    program     static D:\Electronica Digital 2\Proyectos de ejemplo\pruebaAnal.X\pruebaAnal.asm



                              Symbols - Sorted by Address
                     Name    Address   Location    Storage File                     
                ---------  ---------  ---------  --------- ---------                
                 COMIENZO   0x000005    program     static D:\Electronica Digital 2\Proyectos de ejemplo\pruebaAnal.X\pruebaAnal.asm
                PRINCIPAL   0x000011    program     static D:\Electronica Digital 2\Proyectos de ejemplo\pruebaAnal.X\pruebaAnal.asm
                  RETARDO   0x000014    program     static D:\Electronica Digital 2\Proyectos de ejemplo\pruebaAnal.X\pruebaAnal.asm
             INTERRUPCION   0x000019    program     static D:\Electronica Digital 2\Proyectos de ejemplo\pruebaAnal.X\pruebaAnal.asm


